<html>
  <head>
    <title>Tahopen BI Platform</title>

    <meta http-equiv="refresh" content="0;URL=./Home" />
  </head>
  <body></body>
</html>
